// Jest Snapshot v1, https://goo.gl/fbAQLP

exports[`Input Input Render Properly 1`] = `
<View
  style={
    Array [
      Object {
        "backgroundColor": "#fff",
        "borderColor": "#868b8c",
        "borderRadius": 8,
        "borderWidth": 1,
        "flexDirection": "row",
        "justifyContent": "center",
        "overflow": "hidden",
        "paddingRight": 12,
        "width": "100%",
      },
      undefined,
      undefined,
    ]
  }
>
  <View
    style={
      Array [
        Object {
          "flex": 1,
          "overflow": "hidden",
        },
        Object {
          "height": 80,
        },
      ]
    }
  >
    <View
      style={
        Array [
          Object {
            "backgroundColor": "rgb(231, 231, 231)",
            "borderTopLeftRadius": 4,
            "borderTopRightRadius": 4,
          },
          Object {
            "backgroundColor": "rgba(0,0,0,0)",
            "lineHeight": 24,
            "overflow": "hidden",
            "paddingBottom": 5,
            "paddingLeft": 0,
          },
        ]
      }
    >
      <View
        style={
          Object {
            "backgroundColor": "rgba(0,0,0,0)",
            "bottom": 0,
            "height": 2,
            "left": 0,
            "position": "absolute",
            "right": 0,
            "transform": Array [
              Object {
                "scaleY": 0.5,
              },
            ],
          }
        }
      />
      <View
        style={
          Array [
            Object {
              "paddingBottom": 0,
              "paddingTop": 0,
            },
            Object {
              "minHeight": 80,
            },
          ]
        }
      >
        <View
          pointerEvents="none"
          style={
            Object {
              "bottom": 0,
              "left": 0,
              "opacity": 1,
              "position": "absolute",
              "right": 0,
              "top": 0,
              "transform": Array [
                Object {
                  "translateX": 0,
                },
              ],
            }
          }
        >
          <Text
            numberOfLines={1}
            onLayout={[Function]}
            style={
              Object {
                "color": "#5c646c",
                "fontFamily": "System",
                "fontSize": 17,
                "fontWeight": undefined,
                "left": 0,
                "opacity": 0,
                "paddingLeft": 12,
                "paddingRight": 12,
                "position": "absolute",
                "textAlign": "left",
                "top": 40,
                "transform": Array [
                  Object {
                    "translateX": 0,
                  },
                  Object {
                    "translateY": 0,
                  },
                  Object {
                    "scale": 1,
                  },
                ],
                "writingDirection": "ltr",
              }
            }
          >
            Textinput
          </Text>
          <Text
            numberOfLines={1}
            style={
              Object {
                "color": "rgba(0, 0, 0, 0.54)",
                "fontFamily": "System",
                "fontSize": 17,
                "fontWeight": undefined,
                "left": 0,
                "opacity": 0,
                "paddingLeft": 12,
                "paddingRight": 12,
                "position": "absolute",
                "textAlign": "left",
                "top": 40,
                "transform": Array [
                  Object {
                    "translateX": 0,
                  },
                  Object {
                    "translateY": 0,
                  },
                  Object {
                    "scale": 1,
                  },
                ],
                "writingDirection": "ltr",
              }
            }
          >
            Textinput
          </Text>
        </View>
        <TextInput
          accessibilityHint="Please Input"
          accessibilityLabel="Input"
          allowFontScaling={true}
          blurOnSubmit={true}
          editable={true}
          multiline={false}
          onBlur={[Function]}
          onChangeText={[Function]}
          onFocus={[Function]}
          placeholder=""
          placeholderTextColor="rgba(0, 0, 0, 0.54)"
          rejectResponderTermination={true}
          selectionColor="#5c646c"
          style={
            Array [
              Object {
                "flexGrow": 1,
                "margin": 0,
                "zIndex": 1,
              },
              Object {
                "paddingLeft": 12,
                "paddingRight": 12,
              },
              Object {
                "height": 80,
              },
              Object {
                "paddingBottom": 4,
                "paddingTop": 24,
              },
              Object {
                "color": "#333d47",
                "fontFamily": "System",
                "fontSize": 17,
                "fontWeight": undefined,
                "textAlign": "auto",
                "textAlignVertical": "center",
              },
              false,
              Array [
                Object {},
              ],
            ]
          }
          underlineColorAndroid="transparent"
          value=""
        />
      </View>
    </View>
  </View>
</View>
`;
