// Jest Snapshot v1, https://goo.gl/fbAQLP

exports[`Badge Render Badge Notification 1`] = `
<View
  style={
    Array [
      Object {
        "borderRadius": 10,
        "height": 20,
        "width": 20,
      },
      Object {
        "alignItems": "center",
        "backgroundColor": "#E14032",
        "justifyContent": "center",
      },
      undefined,
    ]
  }
>
  <Text
    style={
      Array [
        Object {
          "fontFamily": "System",
          "fontWeight": "400",
        },
        Array [
          Object {
            "color": "#ffffff",
            "fontSize": 10,
          },
          undefined,
        ],
      ]
    }
  >
    1
  </Text>
</View>
`;
